// Vitest Snapshot v1, https://vitest.dev/guide/snapshot.html

exports[`immutable-data > typescript > ignoreNonConstDeclarations > report parameters 1`] = `
[
  {
    "column": 3,
    "endColumn": 16,
    "endLine": 2,
    "line": 2,
    "message": "Modifying an existing object/array is not allowed.",
    "messageId": "generic",
    "nodeType": "AssignmentExpression",
    "ruleId": "immutable-data",
    "severity": 2,
  },
  {
    "column": 3,
    "endColumn": 19,
    "endLine": 3,
    "line": 3,
    "message": "Modifying an existing object/array is not allowed.",
    "messageId": "generic",
    "nodeType": "AssignmentExpression",
    "ruleId": "immutable-data",
    "severity": 2,
  },
  {
    "column": 3,
    "endColumn": 11,
    "endLine": 4,
    "line": 4,
    "message": "Modifying an existing object/array is not allowed.",
    "messageId": "generic",
    "nodeType": "AssignmentExpression",
    "ruleId": "immutable-data",
    "severity": 2,
  },
  {
    "column": 3,
    "endColumn": 11,
    "endLine": 5,
    "line": 5,
    "message": "Modifying an existing object/array is not allowed.",
    "messageId": "generic",
    "nodeType": "AssignmentExpression",
    "ruleId": "immutable-data",
    "severity": 2,
  },
  {
    "column": 3,
    "endColumn": 11,
    "endLine": 6,
    "line": 6,
    "message": "Modifying an existing object/array is not allowed.",
    "messageId": "generic",
    "nodeType": "AssignmentExpression",
    "ruleId": "immutable-data",
    "severity": 2,
  },
  {
    "column": 3,
    "endColumn": 11,
    "endLine": 7,
    "line": 7,
    "message": "Modifying an existing object/array is not allowed.",
    "messageId": "generic",
    "nodeType": "AssignmentExpression",
    "ruleId": "immutable-data",
    "severity": 2,
  },
  {
    "column": 3,
    "endColumn": 11,
    "endLine": 8,
    "line": 8,
    "message": "Modifying an existing object/array is not allowed.",
    "messageId": "generic",
    "nodeType": "AssignmentExpression",
    "ruleId": "immutable-data",
    "severity": 2,
  },
  {
    "column": 3,
    "endColumn": 12,
    "endLine": 9,
    "line": 9,
    "message": "Modifying an existing object/array is not allowed.",
    "messageId": "generic",
    "nodeType": "AssignmentExpression",
    "ruleId": "immutable-data",
    "severity": 2,
  },
  {
    "column": 3,
    "endColumn": 12,
    "endLine": 10,
    "line": 10,
    "message": "Modifying an existing object/array is not allowed.",
    "messageId": "generic",
    "nodeType": "AssignmentExpression",
    "ruleId": "immutable-data",
    "severity": 2,
  },
  {
    "column": 3,
    "endColumn": 13,
    "endLine": 11,
    "line": 11,
    "message": "Modifying an existing object/array is not allowed.",
    "messageId": "generic",
    "nodeType": "AssignmentExpression",
    "ruleId": "immutable-data",
    "severity": 2,
  },
  {
    "column": 3,
    "endColumn": 11,
    "endLine": 12,
    "line": 12,
    "message": "Modifying an existing object/array is not allowed.",
    "messageId": "generic",
    "nodeType": "AssignmentExpression",
    "ruleId": "immutable-data",
    "severity": 2,
  },
  {
    "column": 3,
    "endColumn": 11,
    "endLine": 13,
    "line": 13,
    "message": "Modifying an existing object/array is not allowed.",
    "messageId": "generic",
    "nodeType": "AssignmentExpression",
    "ruleId": "immutable-data",
    "severity": 2,
  },
  {
    "column": 3,
    "endColumn": 11,
    "endLine": 14,
    "line": 14,
    "message": "Modifying an existing object/array is not allowed.",
    "messageId": "generic",
    "nodeType": "AssignmentExpression",
    "ruleId": "immutable-data",
    "severity": 2,
  },
  {
    "column": 3,
    "endColumn": 12,
    "endLine": 15,
    "line": 15,
    "message": "Modifying an existing object/array is not allowed.",
    "messageId": "generic",
    "nodeType": "AssignmentExpression",
    "ruleId": "immutable-data",
    "severity": 2,
  },
  {
    "column": 3,
    "endColumn": 13,
    "endLine": 16,
    "line": 16,
    "message": "Modifying an existing object/array is not allowed.",
    "messageId": "generic",
    "nodeType": "UnaryExpression",
    "ruleId": "immutable-data",
    "severity": 2,
  },
  {
    "column": 3,
    "endColumn": 16,
    "endLine": 17,
    "line": 17,
    "message": "Modifying an existing object/array is not allowed.",
    "messageId": "generic",
    "nodeType": "UnaryExpression",
    "ruleId": "immutable-data",
    "severity": 2,
  },
  {
    "column": 3,
    "endColumn": 8,
    "endLine": 18,
    "line": 18,
    "message": "Modifying an existing object/array is not allowed.",
    "messageId": "generic",
    "nodeType": "UpdateExpression",
    "ruleId": "immutable-data",
    "severity": 2,
  },
  {
    "column": 3,
    "endColumn": 8,
    "endLine": 19,
    "line": 19,
    "message": "Modifying an existing object/array is not allowed.",
    "messageId": "generic",
    "nodeType": "UpdateExpression",
    "ruleId": "immutable-data",
    "severity": 2,
  },
  {
    "column": 3,
    "endColumn": 8,
    "endLine": 20,
    "line": 20,
    "message": "Modifying an existing object/array is not allowed.",
    "messageId": "generic",
    "nodeType": "UpdateExpression",
    "ruleId": "immutable-data",
    "severity": 2,
  },
  {
    "column": 3,
    "endColumn": 8,
    "endLine": 21,
    "line": 21,
    "message": "Modifying an existing object/array is not allowed.",
    "messageId": "generic",
    "nodeType": "UpdateExpression",
    "ruleId": "immutable-data",
    "severity": 2,
  },
  {
    "column": 7,
    "endColumn": 14,
    "endLine": 22,
    "line": 22,
    "message": "Modifying an existing object/array is not allowed.",
    "messageId": "generic",
    "nodeType": "AssignmentExpression",
    "ruleId": "immutable-data",
    "severity": 2,
  },
  {
    "column": 7,
    "endColumn": 12,
    "endLine": 23,
    "line": 23,
    "message": "Modifying an existing object/array is not allowed.",
    "messageId": "generic",
    "nodeType": "UpdateExpression",
    "ruleId": "immutable-data",
    "severity": 2,
  },
]
`;

exports[`immutable-data > typescript > ignoreNonConstDeclarations > report variables declared as const 1`] = `
[
  {
    "column": 1,
    "endColumn": 14,
    "endLine": 2,
    "line": 2,
    "message": "Modifying an existing object/array is not allowed.",
    "messageId": "generic",
    "nodeType": "AssignmentExpression",
    "ruleId": "immutable-data",
    "severity": 2,
  },
  {
    "column": 1,
    "endColumn": 17,
    "endLine": 3,
    "line": 3,
    "message": "Modifying an existing object/array is not allowed.",
    "messageId": "generic",
    "nodeType": "AssignmentExpression",
    "ruleId": "immutable-data",
    "severity": 2,
  },
  {
    "column": 1,
    "endColumn": 9,
    "endLine": 4,
    "line": 4,
    "message": "Modifying an existing object/array is not allowed.",
    "messageId": "generic",
    "nodeType": "AssignmentExpression",
    "ruleId": "immutable-data",
    "severity": 2,
  },
  {
    "column": 1,
    "endColumn": 9,
    "endLine": 5,
    "line": 5,
    "message": "Modifying an existing object/array is not allowed.",
    "messageId": "generic",
    "nodeType": "AssignmentExpression",
    "ruleId": "immutable-data",
    "severity": 2,
  },
  {
    "column": 1,
    "endColumn": 9,
    "endLine": 6,
    "line": 6,
    "message": "Modifying an existing object/array is not allowed.",
    "messageId": "generic",
    "nodeType": "AssignmentExpression",
    "ruleId": "immutable-data",
    "severity": 2,
  },
  {
    "column": 1,
    "endColumn": 9,
    "endLine": 7,
    "line": 7,
    "message": "Modifying an existing object/array is not allowed.",
    "messageId": "generic",
    "nodeType": "AssignmentExpression",
    "ruleId": "immutable-data",
    "severity": 2,
  },
  {
    "column": 1,
    "endColumn": 9,
    "endLine": 8,
    "line": 8,
    "message": "Modifying an existing object/array is not allowed.",
    "messageId": "generic",
    "nodeType": "AssignmentExpression",
    "ruleId": "immutable-data",
    "severity": 2,
  },
  {
    "column": 1,
    "endColumn": 10,
    "endLine": 9,
    "line": 9,
    "message": "Modifying an existing object/array is not allowed.",
    "messageId": "generic",
    "nodeType": "AssignmentExpression",
    "ruleId": "immutable-data",
    "severity": 2,
  },
  {
    "column": 1,
    "endColumn": 10,
    "endLine": 10,
    "line": 10,
    "message": "Modifying an existing object/array is not allowed.",
    "messageId": "generic",
    "nodeType": "AssignmentExpression",
    "ruleId": "immutable-data",
    "severity": 2,
  },
  {
    "column": 1,
    "endColumn": 11,
    "endLine": 11,
    "line": 11,
    "message": "Modifying an existing object/array is not allowed.",
    "messageId": "generic",
    "nodeType": "AssignmentExpression",
    "ruleId": "immutable-data",
    "severity": 2,
  },
  {
    "column": 1,
    "endColumn": 9,
    "endLine": 12,
    "line": 12,
    "message": "Modifying an existing object/array is not allowed.",
    "messageId": "generic",
    "nodeType": "AssignmentExpression",
    "ruleId": "immutable-data",
    "severity": 2,
  },
  {
    "column": 1,
    "endColumn": 9,
    "endLine": 13,
    "line": 13,
    "message": "Modifying an existing object/array is not allowed.",
    "messageId": "generic",
    "nodeType": "AssignmentExpression",
    "ruleId": "immutable-data",
    "severity": 2,
  },
  {
    "column": 1,
    "endColumn": 9,
    "endLine": 14,
    "line": 14,
    "message": "Modifying an existing object/array is not allowed.",
    "messageId": "generic",
    "nodeType": "AssignmentExpression",
    "ruleId": "immutable-data",
    "severity": 2,
  },
  {
    "column": 1,
    "endColumn": 10,
    "endLine": 15,
    "line": 15,
    "message": "Modifying an existing object/array is not allowed.",
    "messageId": "generic",
    "nodeType": "AssignmentExpression",
    "ruleId": "immutable-data",
    "severity": 2,
  },
  {
    "column": 1,
    "endColumn": 11,
    "endLine": 16,
    "line": 16,
    "message": "Modifying an existing object/array is not allowed.",
    "messageId": "generic",
    "nodeType": "UnaryExpression",
    "ruleId": "immutable-data",
    "severity": 2,
  },
  {
    "column": 1,
    "endColumn": 14,
    "endLine": 17,
    "line": 17,
    "message": "Modifying an existing object/array is not allowed.",
    "messageId": "generic",
    "nodeType": "UnaryExpression",
    "ruleId": "immutable-data",
    "severity": 2,
  },
  {
    "column": 1,
    "endColumn": 6,
    "endLine": 18,
    "line": 18,
    "message": "Modifying an existing object/array is not allowed.",
    "messageId": "generic",
    "nodeType": "UpdateExpression",
    "ruleId": "immutable-data",
    "severity": 2,
  },
  {
    "column": 1,
    "endColumn": 6,
    "endLine": 19,
    "line": 19,
    "message": "Modifying an existing object/array is not allowed.",
    "messageId": "generic",
    "nodeType": "UpdateExpression",
    "ruleId": "immutable-data",
    "severity": 2,
  },
  {
    "column": 1,
    "endColumn": 6,
    "endLine": 20,
    "line": 20,
    "message": "Modifying an existing object/array is not allowed.",
    "messageId": "generic",
    "nodeType": "UpdateExpression",
    "ruleId": "immutable-data",
    "severity": 2,
  },
  {
    "column": 1,
    "endColumn": 6,
    "endLine": 21,
    "line": 21,
    "message": "Modifying an existing object/array is not allowed.",
    "messageId": "generic",
    "nodeType": "UpdateExpression",
    "ruleId": "immutable-data",
    "severity": 2,
  },
  {
    "column": 5,
    "endColumn": 12,
    "endLine": 22,
    "line": 22,
    "message": "Modifying an existing object/array is not allowed.",
    "messageId": "generic",
    "nodeType": "AssignmentExpression",
    "ruleId": "immutable-data",
    "severity": 2,
  },
  {
    "column": 5,
    "endColumn": 10,
    "endLine": 23,
    "line": 23,
    "message": "Modifying an existing object/array is not allowed.",
    "messageId": "generic",
    "nodeType": "UpdateExpression",
    "ruleId": "immutable-data",
    "severity": 2,
  },
]
`;

exports[`immutable-data > typescript > options > ignoreNonConstDeclarations > report parameters 1`] = `
[
  {
    "column": 3,
    "endColumn": 16,
    "endLine": 2,
    "line": 2,
    "message": "Modifying an existing object/array is not allowed.",
    "messageId": "generic",
    "nodeType": "AssignmentExpression",
    "ruleId": "immutable-data",
    "severity": 2,
  },
  {
    "column": 3,
    "endColumn": 19,
    "endLine": 3,
    "line": 3,
    "message": "Modifying an existing object/array is not allowed.",
    "messageId": "generic",
    "nodeType": "AssignmentExpression",
    "ruleId": "immutable-data",
    "severity": 2,
  },
  {
    "column": 3,
    "endColumn": 11,
    "endLine": 4,
    "line": 4,
    "message": "Modifying an existing object/array is not allowed.",
    "messageId": "generic",
    "nodeType": "AssignmentExpression",
    "ruleId": "immutable-data",
    "severity": 2,
  },
  {
    "column": 3,
    "endColumn": 11,
    "endLine": 5,
    "line": 5,
    "message": "Modifying an existing object/array is not allowed.",
    "messageId": "generic",
    "nodeType": "AssignmentExpression",
    "ruleId": "immutable-data",
    "severity": 2,
  },
  {
    "column": 3,
    "endColumn": 11,
    "endLine": 6,
    "line": 6,
    "message": "Modifying an existing object/array is not allowed.",
    "messageId": "generic",
    "nodeType": "AssignmentExpression",
    "ruleId": "immutable-data",
    "severity": 2,
  },
  {
    "column": 3,
    "endColumn": 11,
    "endLine": 7,
    "line": 7,
    "message": "Modifying an existing object/array is not allowed.",
    "messageId": "generic",
    "nodeType": "AssignmentExpression",
    "ruleId": "immutable-data",
    "severity": 2,
  },
  {
    "column": 3,
    "endColumn": 11,
    "endLine": 8,
    "line": 8,
    "message": "Modifying an existing object/array is not allowed.",
    "messageId": "generic",
    "nodeType": "AssignmentExpression",
    "ruleId": "immutable-data",
    "severity": 2,
  },
  {
    "column": 3,
    "endColumn": 12,
    "endLine": 9,
    "line": 9,
    "message": "Modifying an existing object/array is not allowed.",
    "messageId": "generic",
    "nodeType": "AssignmentExpression",
    "ruleId": "immutable-data",
    "severity": 2,
  },
  {
    "column": 3,
    "endColumn": 12,
    "endLine": 10,
    "line": 10,
    "message": "Modifying an existing object/array is not allowed.",
    "messageId": "generic",
    "nodeType": "AssignmentExpression",
    "ruleId": "immutable-data",
    "severity": 2,
  },
  {
    "column": 3,
    "endColumn": 13,
    "endLine": 11,
    "line": 11,
    "message": "Modifying an existing object/array is not allowed.",
    "messageId": "generic",
    "nodeType": "AssignmentExpression",
    "ruleId": "immutable-data",
    "severity": 2,
  },
  {
    "column": 3,
    "endColumn": 11,
    "endLine": 12,
    "line": 12,
    "message": "Modifying an existing object/array is not allowed.",
    "messageId": "generic",
    "nodeType": "AssignmentExpression",
    "ruleId": "immutable-data",
    "severity": 2,
  },
  {
    "column": 3,
    "endColumn": 11,
    "endLine": 13,
    "line": 13,
    "message": "Modifying an existing object/array is not allowed.",
    "messageId": "generic",
    "nodeType": "AssignmentExpression",
    "ruleId": "immutable-data",
    "severity": 2,
  },
  {
    "column": 3,
    "endColumn": 11,
    "endLine": 14,
    "line": 14,
    "message": "Modifying an existing object/array is not allowed.",
    "messageId": "generic",
    "nodeType": "AssignmentExpression",
    "ruleId": "immutable-data",
    "severity": 2,
  },
  {
    "column": 3,
    "endColumn": 12,
    "endLine": 15,
    "line": 15,
    "message": "Modifying an existing object/array is not allowed.",
    "messageId": "generic",
    "nodeType": "AssignmentExpression",
    "ruleId": "immutable-data",
    "severity": 2,
  },
  {
    "column": 3,
    "endColumn": 13,
    "endLine": 16,
    "line": 16,
    "message": "Modifying an existing object/array is not allowed.",
    "messageId": "generic",
    "nodeType": "UnaryExpression",
    "ruleId": "immutable-data",
    "severity": 2,
  },
  {
    "column": 3,
    "endColumn": 16,
    "endLine": 17,
    "line": 17,
    "message": "Modifying an existing object/array is not allowed.",
    "messageId": "generic",
    "nodeType": "UnaryExpression",
    "ruleId": "immutable-data",
    "severity": 2,
  },
  {
    "column": 3,
    "endColumn": 8,
    "endLine": 18,
    "line": 18,
    "message": "Modifying an existing object/array is not allowed.",
    "messageId": "generic",
    "nodeType": "UpdateExpression",
    "ruleId": "immutable-data",
    "severity": 2,
  },
  {
    "column": 3,
    "endColumn": 8,
    "endLine": 19,
    "line": 19,
    "message": "Modifying an existing object/array is not allowed.",
    "messageId": "generic",
    "nodeType": "UpdateExpression",
    "ruleId": "immutable-data",
    "severity": 2,
  },
  {
    "column": 3,
    "endColumn": 8,
    "endLine": 20,
    "line": 20,
    "message": "Modifying an existing object/array is not allowed.",
    "messageId": "generic",
    "nodeType": "UpdateExpression",
    "ruleId": "immutable-data",
    "severity": 2,
  },
  {
    "column": 3,
    "endColumn": 8,
    "endLine": 21,
    "line": 21,
    "message": "Modifying an existing object/array is not allowed.",
    "messageId": "generic",
    "nodeType": "UpdateExpression",
    "ruleId": "immutable-data",
    "severity": 2,
  },
  {
    "column": 7,
    "endColumn": 14,
    "endLine": 22,
    "line": 22,
    "message": "Modifying an existing object/array is not allowed.",
    "messageId": "generic",
    "nodeType": "AssignmentExpression",
    "ruleId": "immutable-data",
    "severity": 2,
  },
  {
    "column": 7,
    "endColumn": 12,
    "endLine": 23,
    "line": 23,
    "message": "Modifying an existing object/array is not allowed.",
    "messageId": "generic",
    "nodeType": "UpdateExpression",
    "ruleId": "immutable-data",
    "severity": 2,
  },
]
`;

exports[`immutable-data > typescript > options > ignoreNonConstDeclarations > report variables declared as const 1`] = `
[
  {
    "column": 1,
    "endColumn": 14,
    "endLine": 2,
    "line": 2,
    "message": "Modifying an existing object/array is not allowed.",
    "messageId": "generic",
    "nodeType": "AssignmentExpression",
    "ruleId": "immutable-data",
    "severity": 2,
  },
  {
    "column": 1,
    "endColumn": 17,
    "endLine": 3,
    "line": 3,
    "message": "Modifying an existing object/array is not allowed.",
    "messageId": "generic",
    "nodeType": "AssignmentExpression",
    "ruleId": "immutable-data",
    "severity": 2,
  },
  {
    "column": 1,
    "endColumn": 9,
    "endLine": 4,
    "line": 4,
    "message": "Modifying an existing object/array is not allowed.",
    "messageId": "generic",
    "nodeType": "AssignmentExpression",
    "ruleId": "immutable-data",
    "severity": 2,
  },
  {
    "column": 1,
    "endColumn": 9,
    "endLine": 5,
    "line": 5,
    "message": "Modifying an existing object/array is not allowed.",
    "messageId": "generic",
    "nodeType": "AssignmentExpression",
    "ruleId": "immutable-data",
    "severity": 2,
  },
  {
    "column": 1,
    "endColumn": 9,
    "endLine": 6,
    "line": 6,
    "message": "Modifying an existing object/array is not allowed.",
    "messageId": "generic",
    "nodeType": "AssignmentExpression",
    "ruleId": "immutable-data",
    "severity": 2,
  },
  {
    "column": 1,
    "endColumn": 9,
    "endLine": 7,
    "line": 7,
    "message": "Modifying an existing object/array is not allowed.",
    "messageId": "generic",
    "nodeType": "AssignmentExpression",
    "ruleId": "immutable-data",
    "severity": 2,
  },
  {
    "column": 1,
    "endColumn": 9,
    "endLine": 8,
    "line": 8,
    "message": "Modifying an existing object/array is not allowed.",
    "messageId": "generic",
    "nodeType": "AssignmentExpression",
    "ruleId": "immutable-data",
    "severity": 2,
  },
  {
    "column": 1,
    "endColumn": 10,
    "endLine": 9,
    "line": 9,
    "message": "Modifying an existing object/array is not allowed.",
    "messageId": "generic",
    "nodeType": "AssignmentExpression",
    "ruleId": "immutable-data",
    "severity": 2,
  },
  {
    "column": 1,
    "endColumn": 10,
    "endLine": 10,
    "line": 10,
    "message": "Modifying an existing object/array is not allowed.",
    "messageId": "generic",
    "nodeType": "AssignmentExpression",
    "ruleId": "immutable-data",
    "severity": 2,
  },
  {
    "column": 1,
    "endColumn": 11,
    "endLine": 11,
    "line": 11,
    "message": "Modifying an existing object/array is not allowed.",
    "messageId": "generic",
    "nodeType": "AssignmentExpression",
    "ruleId": "immutable-data",
    "severity": 2,
  },
  {
    "column": 1,
    "endColumn": 9,
    "endLine": 12,
    "line": 12,
    "message": "Modifying an existing object/array is not allowed.",
    "messageId": "generic",
    "nodeType": "AssignmentExpression",
    "ruleId": "immutable-data",
    "severity": 2,
  },
  {
    "column": 1,
    "endColumn": 9,
    "endLine": 13,
    "line": 13,
    "message": "Modifying an existing object/array is not allowed.",
    "messageId": "generic",
    "nodeType": "AssignmentExpression",
    "ruleId": "immutable-data",
    "severity": 2,
  },
  {
    "column": 1,
    "endColumn": 9,
    "endLine": 14,
    "line": 14,
    "message": "Modifying an existing object/array is not allowed.",
    "messageId": "generic",
    "nodeType": "AssignmentExpression",
    "ruleId": "immutable-data",
    "severity": 2,
  },
  {
    "column": 1,
    "endColumn": 10,
    "endLine": 15,
    "line": 15,
    "message": "Modifying an existing object/array is not allowed.",
    "messageId": "generic",
    "nodeType": "AssignmentExpression",
    "ruleId": "immutable-data",
    "severity": 2,
  },
  {
    "column": 1,
    "endColumn": 11,
    "endLine": 16,
    "line": 16,
    "message": "Modifying an existing object/array is not allowed.",
    "messageId": "generic",
    "nodeType": "UnaryExpression",
    "ruleId": "immutable-data",
    "severity": 2,
  },
  {
    "column": 1,
    "endColumn": 14,
    "endLine": 17,
    "line": 17,
    "message": "Modifying an existing object/array is not allowed.",
    "messageId": "generic",
    "nodeType": "UnaryExpression",
    "ruleId": "immutable-data",
    "severity": 2,
  },
  {
    "column": 1,
    "endColumn": 6,
    "endLine": 18,
    "line": 18,
    "message": "Modifying an existing object/array is not allowed.",
    "messageId": "generic",
    "nodeType": "UpdateExpression",
    "ruleId": "immutable-data",
    "severity": 2,
  },
  {
    "column": 1,
    "endColumn": 6,
    "endLine": 19,
    "line": 19,
    "message": "Modifying an existing object/array is not allowed.",
    "messageId": "generic",
    "nodeType": "UpdateExpression",
    "ruleId": "immutable-data",
    "severity": 2,
  },
  {
    "column": 1,
    "endColumn": 6,
    "endLine": 20,
    "line": 20,
    "message": "Modifying an existing object/array is not allowed.",
    "messageId": "generic",
    "nodeType": "UpdateExpression",
    "ruleId": "immutable-data",
    "severity": 2,
  },
  {
    "column": 1,
    "endColumn": 6,
    "endLine": 21,
    "line": 21,
    "message": "Modifying an existing object/array is not allowed.",
    "messageId": "generic",
    "nodeType": "UpdateExpression",
    "ruleId": "immutable-data",
    "severity": 2,
  },
  {
    "column": 5,
    "endColumn": 12,
    "endLine": 22,
    "line": 22,
    "message": "Modifying an existing object/array is not allowed.",
    "messageId": "generic",
    "nodeType": "AssignmentExpression",
    "ruleId": "immutable-data",
    "severity": 2,
  },
  {
    "column": 5,
    "endColumn": 10,
    "endLine": 23,
    "line": 23,
    "message": "Modifying an existing object/array is not allowed.",
    "messageId": "generic",
    "nodeType": "UpdateExpression",
    "ruleId": "immutable-data",
    "severity": 2,
  },
]
`;

exports[`immutable-data > typescript > report object mutating patterns 1`] = `
[
  {
    "column": 1,
    "endColumn": 14,
    "endLine": 2,
    "line": 2,
    "message": "Modifying an existing object/array is not allowed.",
    "messageId": "generic",
    "nodeType": "AssignmentExpression",
    "ruleId": "immutable-data",
    "severity": 2,
  },
  {
    "column": 1,
    "endColumn": 17,
    "endLine": 3,
    "line": 3,
    "message": "Modifying an existing object/array is not allowed.",
    "messageId": "generic",
    "nodeType": "AssignmentExpression",
    "ruleId": "immutable-data",
    "severity": 2,
  },
  {
    "column": 1,
    "endColumn": 9,
    "endLine": 4,
    "line": 4,
    "message": "Modifying an existing object/array is not allowed.",
    "messageId": "generic",
    "nodeType": "AssignmentExpression",
    "ruleId": "immutable-data",
    "severity": 2,
  },
  {
    "column": 1,
    "endColumn": 9,
    "endLine": 5,
    "line": 5,
    "message": "Modifying an existing object/array is not allowed.",
    "messageId": "generic",
    "nodeType": "AssignmentExpression",
    "ruleId": "immutable-data",
    "severity": 2,
  },
  {
    "column": 1,
    "endColumn": 9,
    "endLine": 6,
    "line": 6,
    "message": "Modifying an existing object/array is not allowed.",
    "messageId": "generic",
    "nodeType": "AssignmentExpression",
    "ruleId": "immutable-data",
    "severity": 2,
  },
  {
    "column": 1,
    "endColumn": 9,
    "endLine": 7,
    "line": 7,
    "message": "Modifying an existing object/array is not allowed.",
    "messageId": "generic",
    "nodeType": "AssignmentExpression",
    "ruleId": "immutable-data",
    "severity": 2,
  },
  {
    "column": 1,
    "endColumn": 9,
    "endLine": 8,
    "line": 8,
    "message": "Modifying an existing object/array is not allowed.",
    "messageId": "generic",
    "nodeType": "AssignmentExpression",
    "ruleId": "immutable-data",
    "severity": 2,
  },
  {
    "column": 1,
    "endColumn": 10,
    "endLine": 9,
    "line": 9,
    "message": "Modifying an existing object/array is not allowed.",
    "messageId": "generic",
    "nodeType": "AssignmentExpression",
    "ruleId": "immutable-data",
    "severity": 2,
  },
  {
    "column": 1,
    "endColumn": 10,
    "endLine": 10,
    "line": 10,
    "message": "Modifying an existing object/array is not allowed.",
    "messageId": "generic",
    "nodeType": "AssignmentExpression",
    "ruleId": "immutable-data",
    "severity": 2,
  },
  {
    "column": 1,
    "endColumn": 11,
    "endLine": 11,
    "line": 11,
    "message": "Modifying an existing object/array is not allowed.",
    "messageId": "generic",
    "nodeType": "AssignmentExpression",
    "ruleId": "immutable-data",
    "severity": 2,
  },
  {
    "column": 1,
    "endColumn": 9,
    "endLine": 12,
    "line": 12,
    "message": "Modifying an existing object/array is not allowed.",
    "messageId": "generic",
    "nodeType": "AssignmentExpression",
    "ruleId": "immutable-data",
    "severity": 2,
  },
  {
    "column": 1,
    "endColumn": 9,
    "endLine": 13,
    "line": 13,
    "message": "Modifying an existing object/array is not allowed.",
    "messageId": "generic",
    "nodeType": "AssignmentExpression",
    "ruleId": "immutable-data",
    "severity": 2,
  },
  {
    "column": 1,
    "endColumn": 9,
    "endLine": 14,
    "line": 14,
    "message": "Modifying an existing object/array is not allowed.",
    "messageId": "generic",
    "nodeType": "AssignmentExpression",
    "ruleId": "immutable-data",
    "severity": 2,
  },
  {
    "column": 1,
    "endColumn": 10,
    "endLine": 15,
    "line": 15,
    "message": "Modifying an existing object/array is not allowed.",
    "messageId": "generic",
    "nodeType": "AssignmentExpression",
    "ruleId": "immutable-data",
    "severity": 2,
  },
  {
    "column": 1,
    "endColumn": 11,
    "endLine": 16,
    "line": 16,
    "message": "Modifying an existing object/array is not allowed.",
    "messageId": "generic",
    "nodeType": "UnaryExpression",
    "ruleId": "immutable-data",
    "severity": 2,
  },
  {
    "column": 1,
    "endColumn": 14,
    "endLine": 17,
    "line": 17,
    "message": "Modifying an existing object/array is not allowed.",
    "messageId": "generic",
    "nodeType": "UnaryExpression",
    "ruleId": "immutable-data",
    "severity": 2,
  },
  {
    "column": 1,
    "endColumn": 6,
    "endLine": 18,
    "line": 18,
    "message": "Modifying an existing object/array is not allowed.",
    "messageId": "generic",
    "nodeType": "UpdateExpression",
    "ruleId": "immutable-data",
    "severity": 2,
  },
  {
    "column": 1,
    "endColumn": 6,
    "endLine": 19,
    "line": 19,
    "message": "Modifying an existing object/array is not allowed.",
    "messageId": "generic",
    "nodeType": "UpdateExpression",
    "ruleId": "immutable-data",
    "severity": 2,
  },
  {
    "column": 1,
    "endColumn": 6,
    "endLine": 20,
    "line": 20,
    "message": "Modifying an existing object/array is not allowed.",
    "messageId": "generic",
    "nodeType": "UpdateExpression",
    "ruleId": "immutable-data",
    "severity": 2,
  },
  {
    "column": 1,
    "endColumn": 6,
    "endLine": 21,
    "line": 21,
    "message": "Modifying an existing object/array is not allowed.",
    "messageId": "generic",
    "nodeType": "UpdateExpression",
    "ruleId": "immutable-data",
    "severity": 2,
  },
  {
    "column": 5,
    "endColumn": 12,
    "endLine": 22,
    "line": 22,
    "message": "Modifying an existing object/array is not allowed.",
    "messageId": "generic",
    "nodeType": "AssignmentExpression",
    "ruleId": "immutable-data",
    "severity": 2,
  },
  {
    "column": 5,
    "endColumn": 10,
    "endLine": 23,
    "line": 23,
    "message": "Modifying an existing object/array is not allowed.",
    "messageId": "generic",
    "nodeType": "UpdateExpression",
    "ruleId": "immutable-data",
    "severity": 2,
  },
]
`;

exports[`immutable-data > typescript > reports Object.assign() on identifiers 1`] = `
[
  {
    "column": 9,
    "endColumn": 44,
    "endLine": 3,
    "line": 3,
    "message": "Modifying properties of existing object not allowed.",
    "messageId": "object",
    "nodeType": "CallExpression",
    "ruleId": "immutable-data",
    "severity": 2,
  },
  {
    "column": 9,
    "endColumn": 48,
    "endLine": 4,
    "line": 4,
    "message": "Modifying properties of existing object not allowed.",
    "messageId": "object",
    "nodeType": "CallExpression",
    "ruleId": "immutable-data",
    "severity": 2,
  },
]
`;

exports[`immutable-data > typescript > reports field mutation in class methods 1`] = `
[
  {
    "column": 5,
    "endColumn": 17,
    "endLine": 9,
    "line": 9,
    "message": "Modifying an existing object/array is not allowed.",
    "messageId": "generic",
    "nodeType": "AssignmentExpression",
    "ruleId": "immutable-data",
    "severity": 2,
  },
  {
    "column": 5,
    "endColumn": 17,
    "endLine": 10,
    "line": 10,
    "message": "Modifying an existing object/array is not allowed.",
    "messageId": "generic",
    "nodeType": "AssignmentExpression",
    "ruleId": "immutable-data",
    "severity": 2,
  },
]
`;

exports[`immutable-data > typescript > reports object mutating methods 1`] = `
[
  {
    "column": 1,
    "endColumn": 66,
    "endLine": 2,
    "line": 2,
    "message": "Modifying properties of existing object not allowed.",
    "messageId": "object",
    "nodeType": "CallExpression",
    "ruleId": "immutable-data",
    "severity": 2,
  },
  {
    "column": 1,
    "endColumn": 63,
    "endLine": 3,
    "line": 3,
    "message": "Modifying properties of existing object not allowed.",
    "messageId": "object",
    "nodeType": "CallExpression",
    "ruleId": "immutable-data",
    "severity": 2,
  },
  {
    "column": 1,
    "endColumn": 33,
    "endLine": 4,
    "line": 4,
    "message": "Modifying properties of existing object not allowed.",
    "messageId": "object",
    "nodeType": "CallExpression",
    "ruleId": "immutable-data",
    "severity": 2,
  },
]
`;
